15:44:17 **** Auto Build of configuration Debug for project mnist ****
make pre-build main-build 
a9-linaro-pre-build-step
 
Building file: ../src/main.c
Invoking: ARM v7 gcc compiler
arm-none-eabi-gcc -Wall -O0 -g3 -c -fmessage-length=0 -MT"src/main.o" -mcpu=cortex-a9 -mfpu=vfpv3 -mfloat-abi=hard -I../../mnist_bsp/ps7_cortexa9_0/include -MMD -MP -MF"src/main.d" -MT"src/main.o" -o "src/main.o" "../src/main.c"
Finished building: ../src/main.c
 
Building target: mnist.elf
Invoking: ARM v7 gcc linker
arm-none-eabi-gcc -mcpu=cortex-a9 -mfpu=vfpv3 -mfloat-abi=hard -Wl,-build-id=none -specs=Xilinx.spec -Wl,-T -Wl,../src/lscript.ld -L../../mnist_bsp/ps7_cortexa9_0/lib -o "mnist.elf"  ./src/main.o ./src/neural.o ./src/platform.o   -Wl,--start-group,-lxil,-lgcc,-lc,--end-group
Finished building target: mnist.elf
 
Invoking: ARM v7 Print Size
arm-none-eabi-size mnist.elf  |tee "mnist.elf.size"
   text	   data	    bss	    dec	    hex	filename
 231328	   1228	 136760	 369316	  5a2a4	mnist.elf
Finished building: mnist.elf.size
 

15:44:18 Build Finished (took 370ms)

